// Jest Snapshot v1, https://goo.gl/fbAQLP

exports[`Input renders Input with value 1`] = `
<div
  className="css-k5rh1f"
>
  <label
    className="css-8ooo6b"
  >
    Label:
  </label>
  <input
    className="css-1jgzoz2"
    onChange={[MockFunction]}
    placeholder="Placeholder"
    type="text"
    value="Testing"
  />
</div>
`;
